// Jest Snapshot v1, https://goo.gl/fbAQLP

exports[`Pruebas en <AddCategory/> Debe de mostrarse correctamente 1`] = `
<div
  className="row border my-2 shadow-lg"
>
  <div
    className="col"
  >
    <form
      onSubmit={[Function]}
    >
      <p />
      <input
        className="form-control my-2"
        onChange={[Function]}
        type="text"
        value=""
      />
      <button
        className="btn btn-block btn-dark my-2"
        type="submit"
      >
        Agregar Nuevo Elemento
      </button>
    </form>
  </div>
</div>
`;
