// Jest Snapshot v1, https://goo.gl/fbAQLP

exports[`Pruebas en <GifGridItem/> Debe de Renderizar correctamente el componente 1`] = `
<div
  className="col-3 animate__animated animate__fadeIn"
  key="999"
>
  <hr
    className="hr shadow-lg border"
  />
  <div
    className="card text-center"
  >
    <div
      className="card-header"
    >
      T: 
      <span
        className="font-weight-bolder"
      >
        Video Games
      </span>
       - ID: 
      <span
        className="font-weight-lighter"
      >
        999
      </span>
    </div>
    <div
      className="card-body"
    >
      <img
        alt="GOW 3"
        className="img-fluid"
        src="https://media.giphy.com/media/kl5ctZSctCbE4/giphy.gif"
      />
      <h5
        className="card-title"
      >
        GOW 3
      </h5>
      <p
        className="card-text"
      >
        Source: 
        <span
          className="font-weight-lighter text-monospace"
        >
          Poringa!
        </span>
      </p>
    </div>
    <div
      className="card-footer text-muted"
    >
      20
    </div>
  </div>
</div>
`;
