// Jest Snapshot v1, https://goo.gl/fbAQLP

exports[`Pruebas en el Componente <GriGift/> Debe de mostrar el componente correctamente 1`] = `
<div
  className="row"
/>
`;
